// Jest Snapshot v1, https://goo.gl/fbAQLP

exports[`should render ExpenseList with expense 1`] = `ShallowWrapper {}`;
